# Copyright 2018 The Fuchsia Authors. All rights reserved.
# Use of this source code is governed by a BSD-style license that can be found in the LICENSE file.
#
# WARNING: This file is machine generated by fidlgen.

include <fidl/test/errorsyntax/c/fidl.h>
fidl_test_errorsyntax_ExampleUseOfErrorSyntax_CallWhichMayFail_ResponseInLine {
       value int64
} [packed]
fidl_test_errorsyntax_ExampleUseOfErrorSyntax_CallWhichMayFail_ResponseOutOfLine {
       void void
} [packed]
fidl_test_errorsyntax_ExampleUseOfErrorSyntax_CallWhichMayFail_ResponseHandles {
       void void
} [packed]
fidl_test_errorsyntax_ExampleUseOfErrorSyntax_CallWhichMayFail_ResultInLine [
       responseInLine fidl_union_member[1, fidl_test_errorsyntax_ExampleUseOfErrorSyntax_CallWhichMayFail_ResponseInLine]
       err fidl_union_member[2, int32]
]
fidl_test_errorsyntax_ExampleUseOfErrorSyntax_CallWhichMayFail_ResultOutOfLine [
       responseOutOfLine fidl_test_errorsyntax_ExampleUseOfErrorSyntax_CallWhichMayFail_ResponseOutOfLine
][varlen]
fidl_test_errorsyntax_ExampleUseOfErrorSyntax_CallWhichMayFail_ResultHandles [
       response fidl_test_errorsyntax_ExampleUseOfErrorSyntax_CallWhichMayFail_ResponseHandles
][varlen]


fidl_test_errorsyntax_ExampleUseOfErrorSyntaxComposedCallWhichMayFailRequest {
       hdr fidl_message_header[8210161374538322484]
       sInLine fidl_string
       sOutOfLine fidl_aligned[stringnoz]
} [packed]
fidl_test_errorsyntax_ExampleUseOfErrorSyntaxComposedCallWhichMayFailRequestHandles {
       void void
} [packed]
fidl_test_errorsyntax_ExampleUseOfErrorSyntaxComposedCallWhichMayFailResponse {
       hdr fidl_message_header[8210161374538322484]
       resultInLine fidl_test_errorsyntax_parent_ParentUsesErrorSyntax_ComposedCallWhichMayFail_ResultInLine
} [packed]
fidl_test_errorsyntax_ExampleUseOfErrorSyntaxComposedCallWhichMayFailResponseHandles {
       void void
} [packed]
fidl_test_errorsyntax_ExampleUseOfErrorSyntaxCallWhichMayFailRequest {
       hdr fidl_message_header[7435809829353441431]
       sInLine fidl_string
       sOutOfLine fidl_aligned[stringnoz]
} [packed]
fidl_test_errorsyntax_ExampleUseOfErrorSyntaxCallWhichMayFailRequestHandles {
       void void
} [packed]
fidl_test_errorsyntax_ExampleUseOfErrorSyntaxCallWhichMayFailResponse {
       hdr fidl_message_header[7435809829353441431]
       resultInLine fidl_test_errorsyntax_ExampleUseOfErrorSyntax_CallWhichMayFail_ResultInLine
       resultOutOfLine fidl_test_errorsyntax_ExampleUseOfErrorSyntax_CallWhichMayFail_ResultOutOfLine
} [packed]
fidl_test_errorsyntax_ExampleUseOfErrorSyntaxCallWhichMayFailResponseHandles {
       result fidl_test_errorsyntax_ExampleUseOfErrorSyntax_CallWhichMayFail_ResultHandles
} [packed]

resource zx_chan_fidl_test_errorsyntax_ExampleUseOfErrorSyntax_client[zx_chan]
resource zx_chan_fidl_test_errorsyntax_ExampleUseOfErrorSyntax_server[zx_chan]

zx_channel_create$fidl_test_errorsyntax_ExampleUseOfErrorSyntax(options const[0], out0 ptr[out, zx_chan_fidl_test_errorsyntax_ExampleUseOfErrorSyntax_client], out1 ptr[out, zx_chan_fidl_test_errorsyntax_ExampleUseOfErrorSyntax_server])
fdio_service_connect$fidl_test_errorsyntax_ExampleUseOfErrorSyntax(path ptr[in, string["/svc/"]], handle zx_chan_fidl_test_errorsyntax_ExampleUseOfErrorSyntax_server)
zx_channel_call$fidl_test_errorsyntax_ExampleUseOfErrorSyntaxComposedCallWhichMayFail(handle zx_chan_fidl_test_errorsyntax_ExampleUseOfErrorSyntax_client, options const[0], deadline zx_time, args ptr[in, fidl_call_args[fidl_test_errorsyntax_ExampleUseOfErrorSyntaxComposedCallWhichMayFailRequest, fidl_test_errorsyntax_ExampleUseOfErrorSyntaxComposedCallWhichMayFailRequestHandles, array[int8, ZX_CHANNEL_MAX_MSG_BYTES], fidl_test_errorsyntax_ExampleUseOfErrorSyntaxComposedCallWhichMayFailResponseHandles]], actual_bytes ptr[out, int32], actual_handles ptr[out, int32])
zx_channel_call$fidl_test_errorsyntax_ExampleUseOfErrorSyntaxCallWhichMayFail(handle zx_chan_fidl_test_errorsyntax_ExampleUseOfErrorSyntax_client, options const[0], deadline zx_time, args ptr[in, fidl_call_args[fidl_test_errorsyntax_ExampleUseOfErrorSyntaxCallWhichMayFailRequest, fidl_test_errorsyntax_ExampleUseOfErrorSyntaxCallWhichMayFailRequestHandles, array[int8, ZX_CHANNEL_MAX_MSG_BYTES], fidl_test_errorsyntax_ExampleUseOfErrorSyntaxCallWhichMayFailResponseHandles]], actual_bytes ptr[out, int32], actual_handles ptr[out, int32])

