// WARNING: This file is machine generated by fidlgen.

#include <fidl/test.byteandbytes/cpp/common_types.h>
