// WARNING: This file is machine generated by fidlgen.

#pragma once

#include <fidl/test.dependent/cpp/driver/fidl.h>
#include <fidl/test.importedconstvalues/cpp/driver/natural_messaging.h>
#include <fidl/test.importedconstvalues/cpp/driver/wire.h>
#include <fidl/test.importedconstvalues/cpp/natural_types.h>
