{
  "version": "0.0.1",
  "name": "fidl.test.bindingsdenylist",
  "library_dependencies": [],
  "bits_declarations": [
    {
      "name": "fidl.test.bindingsdenylist/OnlySyzkaller",
      "naming_context": [
        "OnlySyzkaller"
      ],
      "location": {
        "filename": "../../tools/fidl/fidlc/testdata/bindings_denylist.test.fidl",
        "line": 12,
        "column": 6,
        "length": 13
      },
      "maybe_attributes": [
        {
          "name": "bindings_denylist",
          "arguments": [
            {
              "name": "value",
              "type": "string",
              "value": {
                "kind": "literal",
                "value": "cpp, dart, go, hlcpp, libfuzzer, llcpp, rust",
                "expression": "\"cpp, dart, go, hlcpp, libfuzzer, llcpp, rust\"",
                "literal": {
                  "kind": "string",
                  "value": "cpp, dart, go, hlcpp, libfuzzer, llcpp, rust",
                  "expression": "\"cpp, dart, go, hlcpp, libfuzzer, llcpp, rust\""
                }
              },
              "location": {
                "filename": "../../tools/fidl/fidlc/testdata/bindings_denylist.test.fidl",
                "line": 11,
                "column": 20,
                "length": 46
              }
            }
          ],
          "location": {
            "filename": "../../tools/fidl/fidlc/testdata/bindings_denylist.test.fidl",
            "line": 11,
            "column": 1,
            "length": 66
          }
        }
      ],
      "type": {
        "kind": "primitive",
        "subtype": "uint32",
        "type_shape_v1": {
          "inline_size": 4,
          "alignment": 4,
          "depth": 0,
          "max_handles": 0,
          "max_out_of_line": 0,
          "has_padding": false,
          "has_flexible_envelope": false
        },
        "type_shape_v2": {
          "inline_size": 4,
          "alignment": 4,
          "depth": 0,
          "max_handles": 0,
          "max_out_of_line": 0,
          "has_padding": false,
          "has_flexible_envelope": false
        }
      },
      "mask": "1",
      "members": [
        {
          "name": "A",
          "location": {
            "filename": "../../tools/fidl/fidlc/testdata/bindings_denylist.test.fidl",
            "line": 13,
            "column": 5,
            "length": 1
          },
          "value": {
            "kind": "literal",
            "value": "1",
            "expression": "1",
            "literal": {
              "kind": "numeric",
              "value": "1",
              "expression": "1"
            }
          }
        }
      ],
      "strict": true
    }
  ],
  "const_declarations": [
    {
      "name": "fidl.test.bindingsdenylist/AllBindings",
      "location": {
        "filename": "../../tools/fidl/fidlc/testdata/bindings_denylist.test.fidl",
        "line": 9,
        "column": 7,
        "length": 11
      },
      "maybe_attributes": [
        {
          "name": "bindings_deny_list",
          "arguments": [
            {
              "name": "value",
              "type": "string",
              "value": {
                "kind": "literal",
                "value": "there_are_no_bindings_with_this_name",
                "expression": "\"there_are_no_bindings_with_this_name\"",
                "literal": {
                  "kind": "string",
                  "value": "there_are_no_bindings_with_this_name",
                  "expression": "\"there_are_no_bindings_with_this_name\""
                }
              },
              "location": {
                "filename": "../../tools/fidl/fidlc/testdata/bindings_denylist.test.fidl",
                "line": 8,
                "column": 21,
                "length": 38
              }
            }
          ],
          "location": {
            "filename": "../../tools/fidl/fidlc/testdata/bindings_denylist.test.fidl",
            "line": 8,
            "column": 1,
            "length": 59
          }
        }
      ],
      "type": {
        "kind": "primitive",
        "subtype": "uint32",
        "type_shape_v1": {
          "inline_size": 4,
          "alignment": 4,
          "depth": 0,
          "max_handles": 0,
          "max_out_of_line": 0,
          "has_padding": false,
          "has_flexible_envelope": false
        },
        "type_shape_v2": {
          "inline_size": 4,
          "alignment": 4,
          "depth": 0,
          "max_handles": 0,
          "max_out_of_line": 0,
          "has_padding": false,
          "has_flexible_envelope": false
        }
      },
      "value": {
        "kind": "literal",
        "value": "0",
        "expression": "0",
        "literal": {
          "kind": "numeric",
          "value": "0",
          "expression": "0"
        }
      }
    }
  ],
  "enum_declarations": [
    {
      "name": "fidl.test.bindingsdenylist/OnlyDart",
      "naming_context": [
        "OnlyDart"
      ],
      "location": {
        "filename": "../../tools/fidl/fidlc/testdata/bindings_denylist.test.fidl",
        "line": 17,
        "column": 6,
        "length": 8
      },
      "maybe_attributes": [
        {
          "name": "bindings_denylist",
          "arguments": [
            {
              "name": "value",
              "type": "string",
              "value": {
                "kind": "literal",
                "value": "cpp, go, hlcpp, libfuzzer, llcpp, rust, syzkaller",
                "expression": "\"cpp, go, hlcpp, libfuzzer, llcpp, rust, syzkaller\"",
                "literal": {
                  "kind": "string",
                  "value": "cpp, go, hlcpp, libfuzzer, llcpp, rust, syzkaller",
                  "expression": "\"cpp, go, hlcpp, libfuzzer, llcpp, rust, syzkaller\""
                }
              },
              "location": {
                "filename": "../../tools/fidl/fidlc/testdata/bindings_denylist.test.fidl",
                "line": 16,
                "column": 20,
                "length": 51
              }
            }
          ],
          "location": {
            "filename": "../../tools/fidl/fidlc/testdata/bindings_denylist.test.fidl",
            "line": 16,
            "column": 1,
            "length": 71
          }
        }
      ],
      "type": "uint32",
      "members": [
        {
          "name": "A",
          "location": {
            "filename": "../../tools/fidl/fidlc/testdata/bindings_denylist.test.fidl",
            "line": 18,
            "column": 5,
            "length": 1
          },
          "value": {
            "kind": "literal",
            "value": "1",
            "expression": "1",
            "literal": {
              "kind": "numeric",
              "value": "1",
              "expression": "1"
            }
          }
        }
      ],
      "strict": true
    }
  ],
  "experimental_resource_declarations": [],
  "interface_declarations": [
    {
      "name": "fidl.test.bindingsdenylist/OnlyLibfuzzerAndDeps",
      "location": {
        "filename": "../../tools/fidl/fidlc/testdata/bindings_denylist.test.fidl",
        "line": 35,
        "column": 10,
        "length": 20
      },
      "maybe_attributes": [
        {
          "name": "bindings_denylist",
          "arguments": [
            {
              "name": "value",
              "type": "string",
              "value": {
                "kind": "literal",
                "value": "cpp, dart, go, rust, syzkaller",
                "expression": "\"cpp, dart, go, rust, syzkaller\"",
                "literal": {
                  "kind": "string",
                  "value": "cpp, dart, go, rust, syzkaller",
                  "expression": "\"cpp, dart, go, rust, syzkaller\""
                }
              },
              "location": {
                "filename": "../../tools/fidl/fidlc/testdata/bindings_denylist.test.fidl",
                "line": 34,
                "column": 20,
                "length": 32
              }
            }
          ],
          "location": {
            "filename": "../../tools/fidl/fidlc/testdata/bindings_denylist.test.fidl",
            "line": 34,
            "column": 1,
            "length": 52
          }
        }
      ],
      "composed_protocols": [],
      "methods": [
        {
          "ordinal": 2054945783954685224,
          "name": "LibfuzzerNeedsNonemptyProtocol",
          "location": {
            "filename": "../../tools/fidl/fidlc/testdata/bindings_denylist.test.fidl",
            "line": 36,
            "column": 5,
            "length": 30
          },
          "has_request": true,
          "maybe_request": [],
          "maybe_request_type_shape_v1": {
            "inline_size": 16,
            "alignment": 8,
            "depth": 0,
            "max_handles": 0,
            "max_out_of_line": 0,
            "has_padding": false,
            "has_flexible_envelope": false
          },
          "maybe_request_type_shape_v2": {
            "inline_size": 16,
            "alignment": 8,
            "depth": 0,
            "max_handles": 0,
            "max_out_of_line": 0,
            "has_padding": false,
            "has_flexible_envelope": false
          },
          "has_response": true,
          "maybe_response": [],
          "maybe_response_type_shape_v1": {
            "inline_size": 16,
            "alignment": 8,
            "depth": 0,
            "max_handles": 0,
            "max_out_of_line": 0,
            "has_padding": false,
            "has_flexible_envelope": false
          },
          "maybe_response_type_shape_v2": {
            "inline_size": 16,
            "alignment": 8,
            "depth": 0,
            "max_handles": 0,
            "max_out_of_line": 0,
            "has_padding": false,
            "has_flexible_envelope": false
          },
          "is_composed": false
        }
      ]
    },
    {
      "name": "fidl.test.bindingsdenylist/OnlyCppAndDeps",
      "location": {
        "filename": "../../tools/fidl/fidlc/testdata/bindings_denylist.test.fidl",
        "line": 42,
        "column": 10,
        "length": 14
      },
      "maybe_attributes": [
        {
          "name": "bindings_denylist",
          "arguments": [
            {
              "name": "value",
              "type": "string",
              "value": {
                "kind": "literal",
                "value": "dart, go, libfuzzer, rust, syzkaller",
                "expression": "\"dart, go, libfuzzer, rust, syzkaller\"",
                "literal": {
                  "kind": "string",
                  "value": "dart, go, libfuzzer, rust, syzkaller",
                  "expression": "\"dart, go, libfuzzer, rust, syzkaller\""
                }
              },
              "location": {
                "filename": "../../tools/fidl/fidlc/testdata/bindings_denylist.test.fidl",
                "line": 41,
                "column": 20,
                "length": 38
              }
            }
          ],
          "location": {
            "filename": "../../tools/fidl/fidlc/testdata/bindings_denylist.test.fidl",
            "line": 41,
            "column": 1,
            "length": 58
          }
        }
      ],
      "composed_protocols": [],
      "methods": []
    }
  ],
  "service_declarations": [
    {
      "name": "fidl.test.bindingsdenylist/OnlyHlcpp",
      "location": {
        "filename": "../../tools/fidl/fidlc/testdata/bindings_denylist.test.fidl",
        "line": 45,
        "column": 9,
        "length": 9
      },
      "maybe_attributes": [
        {
          "name": "bindings_denylist",
          "arguments": [
            {
              "name": "value",
              "type": "string",
              "value": {
                "kind": "literal",
                "value": "cpp, dart, go, libfuzzer, llcpp, rust, syzkaller",
                "expression": "\"cpp, dart, go, libfuzzer, llcpp, rust, syzkaller\"",
                "literal": {
                  "kind": "string",
                  "value": "cpp, dart, go, libfuzzer, llcpp, rust, syzkaller",
                  "expression": "\"cpp, dart, go, libfuzzer, llcpp, rust, syzkaller\""
                }
              },
              "location": {
                "filename": "../../tools/fidl/fidlc/testdata/bindings_denylist.test.fidl",
                "line": 44,
                "column": 20,
                "length": 50
              }
            }
          ],
          "location": {
            "filename": "../../tools/fidl/fidlc/testdata/bindings_denylist.test.fidl",
            "line": 44,
            "column": 1,
            "length": 70
          }
        }
      ],
      "members": []
    }
  ],
  "struct_declarations": [
    {
      "name": "fidl.test.bindingsdenylist/OnlyGo",
      "naming_context": [
        "OnlyGo"
      ],
      "location": {
        "filename": "../../tools/fidl/fidlc/testdata/bindings_denylist.test.fidl",
        "line": 22,
        "column": 6,
        "length": 6
      },
      "is_request_or_response": false,
      "maybe_attributes": [
        {
          "name": "bindings_denylist",
          "arguments": [
            {
              "name": "value",
              "type": "string",
              "value": {
                "kind": "literal",
                "value": "cpp, dart, hlcpp, libfuzzer, llcpp, rust, syzkaller",
                "expression": "\"cpp, dart, hlcpp, libfuzzer, llcpp, rust, syzkaller\"",
                "literal": {
                  "kind": "string",
                  "value": "cpp, dart, hlcpp, libfuzzer, llcpp, rust, syzkaller",
                  "expression": "\"cpp, dart, hlcpp, libfuzzer, llcpp, rust, syzkaller\""
                }
              },
              "location": {
                "filename": "../../tools/fidl/fidlc/testdata/bindings_denylist.test.fidl",
                "line": 21,
                "column": 20,
                "length": 53
              }
            }
          ],
          "location": {
            "filename": "../../tools/fidl/fidlc/testdata/bindings_denylist.test.fidl",
            "line": 21,
            "column": 1,
            "length": 73
          }
        }
      ],
      "members": [],
      "resource": false,
      "type_shape_v1": {
        "inline_size": 1,
        "alignment": 1,
        "depth": 0,
        "max_handles": 0,
        "max_out_of_line": 0,
        "has_padding": false,
        "has_flexible_envelope": false
      },
      "type_shape_v2": {
        "inline_size": 1,
        "alignment": 1,
        "depth": 0,
        "max_handles": 0,
        "max_out_of_line": 0,
        "has_padding": false,
        "has_flexible_envelope": false
      }
    }
  ],
  "table_declarations": [
    {
      "name": "fidl.test.bindingsdenylist/OnlyRust",
      "naming_context": [
        "OnlyRust"
      ],
      "location": {
        "filename": "../../tools/fidl/fidlc/testdata/bindings_denylist.test.fidl",
        "line": 25,
        "column": 6,
        "length": 8
      },
      "maybe_attributes": [
        {
          "name": "bindings_denylist",
          "arguments": [
            {
              "name": "value",
              "type": "string",
              "value": {
                "kind": "literal",
                "value": "cpp, dart, go, hlcpp, libfuzzer, llcpp, syzkaller",
                "expression": "\"cpp, dart, go, hlcpp, libfuzzer, llcpp, syzkaller\"",
                "literal": {
                  "kind": "string",
                  "value": "cpp, dart, go, hlcpp, libfuzzer, llcpp, syzkaller",
                  "expression": "\"cpp, dart, go, hlcpp, libfuzzer, llcpp, syzkaller\""
                }
              },
              "location": {
                "filename": "../../tools/fidl/fidlc/testdata/bindings_denylist.test.fidl",
                "line": 24,
                "column": 20,
                "length": 51
              }
            }
          ],
          "location": {
            "filename": "../../tools/fidl/fidlc/testdata/bindings_denylist.test.fidl",
            "line": 24,
            "column": 1,
            "length": 71
          }
        }
      ],
      "members": [],
      "strict": false,
      "resource": false,
      "type_shape_v1": {
        "inline_size": 16,
        "alignment": 8,
        "depth": 1,
        "max_handles": 0,
        "max_out_of_line": 0,
        "has_padding": false,
        "has_flexible_envelope": true
      },
      "type_shape_v2": {
        "inline_size": 16,
        "alignment": 8,
        "depth": 1,
        "max_handles": 0,
        "max_out_of_line": 0,
        "has_padding": false,
        "has_flexible_envelope": true
      }
    }
  ],
  "union_declarations": [
    {
      "name": "fidl.test.bindingsdenylist/OnlyLlcpp",
      "naming_context": [
        "OnlyLlcpp"
      ],
      "location": {
        "filename": "../../tools/fidl/fidlc/testdata/bindings_denylist.test.fidl",
        "line": 28,
        "column": 6,
        "length": 9
      },
      "maybe_attributes": [
        {
          "name": "bindings_denylist",
          "arguments": [
            {
              "name": "value",
              "type": "string",
              "value": {
                "kind": "literal",
                "value": "cpp, dart, go, hlcpp, libfuzzer, rust, syzkaller",
                "expression": "\"cpp, dart, go, hlcpp, libfuzzer, rust, syzkaller\"",
                "literal": {
                  "kind": "string",
                  "value": "cpp, dart, go, hlcpp, libfuzzer, rust, syzkaller",
                  "expression": "\"cpp, dart, go, hlcpp, libfuzzer, rust, syzkaller\""
                }
              },
              "location": {
                "filename": "../../tools/fidl/fidlc/testdata/bindings_denylist.test.fidl",
                "line": 27,
                "column": 20,
                "length": 50
              }
            }
          ],
          "location": {
            "filename": "../../tools/fidl/fidlc/testdata/bindings_denylist.test.fidl",
            "line": 27,
            "column": 1,
            "length": 70
          }
        }
      ],
      "members": [
        {
          "ordinal": 1,
          "reserved": false,
          "name": "x",
          "type": {
            "kind": "primitive",
            "subtype": "uint32",
            "type_shape_v1": {
              "inline_size": 4,
              "alignment": 4,
              "depth": 0,
              "max_handles": 0,
              "max_out_of_line": 0,
              "has_padding": false,
              "has_flexible_envelope": false
            },
            "type_shape_v2": {
              "inline_size": 4,
              "alignment": 4,
              "depth": 0,
              "max_handles": 0,
              "max_out_of_line": 0,
              "has_padding": false,
              "has_flexible_envelope": false
            }
          },
          "location": {
            "filename": "../../tools/fidl/fidlc/testdata/bindings_denylist.test.fidl",
            "line": 29,
            "column": 8,
            "length": 1
          }
        }
      ],
      "strict": true,
      "resource": false,
      "type_shape_v1": {
        "inline_size": 24,
        "alignment": 8,
        "depth": 1,
        "max_handles": 0,
        "max_out_of_line": 8,
        "has_padding": true,
        "has_flexible_envelope": false
      },
      "type_shape_v2": {
        "inline_size": 16,
        "alignment": 8,
        "depth": 1,
        "max_handles": 0,
        "max_out_of_line": 0,
        "has_padding": true,
        "has_flexible_envelope": false
      }
    }
  ],
  "type_alias_declarations": [],
  "declaration_order": [
    "fidl.test.bindingsdenylist/OnlySyzkaller",
    "fidl.test.bindingsdenylist/OnlyRust",
    "fidl.test.bindingsdenylist/OnlyLlcpp",
    "fidl.test.bindingsdenylist/OnlyLibfuzzerAndDeps",
    "fidl.test.bindingsdenylist/OnlyHlcpp",
    "fidl.test.bindingsdenylist/OnlyGo",
    "fidl.test.bindingsdenylist/OnlyDart",
    "fidl.test.bindingsdenylist/OnlyCppAndDeps",
    "fidl.test.bindingsdenylist/AllBindings"
  ],
  "declarations": {
    "fidl.test.bindingsdenylist/OnlySyzkaller": "bits",
    "fidl.test.bindingsdenylist/AllBindings": "const",
    "fidl.test.bindingsdenylist/OnlyDart": "enum",
    "fidl.test.bindingsdenylist/OnlyLibfuzzerAndDeps": "interface",
    "fidl.test.bindingsdenylist/OnlyCppAndDeps": "interface",
    "fidl.test.bindingsdenylist/OnlyHlcpp": "service",
    "fidl.test.bindingsdenylist/OnlyGo": "struct",
    "fidl.test.bindingsdenylist/OnlyRust": "table",
    "fidl.test.bindingsdenylist/OnlyLlcpp": "union"
  }
}
