{
  "version": "0.0.1",
  "name": "fidl.test.foreigntypeinresponseusedthroughcompose",
  "library_dependencies": [
    {
      "name": "bottom",
      "declarations": {
        "bottom/Foo": {
          "kind": "struct",
          "resource": false
        }
      }
    },
    {
      "name": "middle",
      "declarations": {
        "middle/Middle": {
          "kind": "interface"
        },
        "middle/MiddleGetFooTopResponse": {
          "kind": "struct",
          "resource": false
        }
      }
    }
  ],
  "bits_declarations": [],
  "const_declarations": [],
  "enum_declarations": [],
  "experimental_resource_declarations": [],
  "interface_declarations": [
    {
      "name": "fidl.test.foreigntypeinresponseusedthroughcompose/Top",
      "location": {
        "filename": "../../tools/fidl/fidlc/testdata/foreign_type_in_response_used_through_compose/top.test.fidl",
        "line": 8,
        "column": 10,
        "length": 3
      },
      "maybe_attributes": [
        {
          "name": "bindings_denylist",
          "arguments": [
            {
              "name": "value",
              "type": "string",
              "value": {
                "kind": "literal",
                "value": "cpp",
                "expression": "\"cpp\"",
                "literal": {
                  "kind": "string",
                  "value": "cpp",
                  "expression": "\"cpp\""
                }
              },
              "location": {
                "filename": "../../tools/fidl/fidlc/testdata/foreign_type_in_response_used_through_compose/top.test.fidl",
                "line": 7,
                "column": 20,
                "length": 5
              }
            }
          ],
          "location": {
            "filename": "../../tools/fidl/fidlc/testdata/foreign_type_in_response_used_through_compose/top.test.fidl",
            "line": 7,
            "column": 1,
            "length": 25
          }
        }
      ],
      "composed_protocols": [
        {
          "name": "middle/Middle",
          "location": {
            "filename": "../../tools/fidl/fidlc/testdata/foreign_type_in_response_used_through_compose/top.test.fidl",
            "line": 9,
            "column": 20,
            "length": 6
          }
        }
      ],
      "methods": [
        {
          "ordinal": 7703637629648977298,
          "name": "GetFoo",
          "location": {
            "filename": "../../tools/fidl/fidlc/testdata/foreign_type_in_response_used_through_compose/middle.test.fidl",
            "line": 9,
            "column": 5,
            "length": 6
          },
          "has_request": true,
          "maybe_request": [],
          "maybe_request_type_shape_v1": {
            "inline_size": 16,
            "alignment": 8,
            "depth": 0,
            "max_handles": 0,
            "max_out_of_line": 0,
            "has_padding": false,
            "has_flexible_envelope": false
          },
          "maybe_request_type_shape_v2": {
            "inline_size": 16,
            "alignment": 8,
            "depth": 0,
            "max_handles": 0,
            "max_out_of_line": 0,
            "has_padding": false,
            "has_flexible_envelope": false
          },
          "has_response": true,
          "maybe_response": [
            {
              "type": {
                "kind": "identifier",
                "identifier": "bottom/Foo",
                "nullable": false,
                "type_shape_v1": {
                  "inline_size": 4,
                  "alignment": 4,
                  "depth": 0,
                  "max_handles": 0,
                  "max_out_of_line": 0,
                  "has_padding": false,
                  "has_flexible_envelope": false
                },
                "type_shape_v2": {
                  "inline_size": 4,
                  "alignment": 4,
                  "depth": 0,
                  "max_handles": 0,
                  "max_out_of_line": 0,
                  "has_padding": false,
                  "has_flexible_envelope": false
                }
              },
              "name": "foo",
              "location": {
                "filename": "../../tools/fidl/fidlc/testdata/foreign_type_in_response_used_through_compose/middle.test.fidl",
                "line": 13,
                "column": 9,
                "length": 3
              },
              "field_shape_v1": {
                "offset": 16,
                "padding": 4
              },
              "field_shape_v2": {
                "offset": 16,
                "padding": 4
              }
            }
          ],
          "maybe_response_payload": {
            "kind": "identifier",
            "identifier": "middle/MiddleGetFooTopResponse",
            "nullable": false,
            "type_shape_v1": {
              "inline_size": 8,
              "alignment": 8,
              "depth": 0,
              "max_handles": 0,
              "max_out_of_line": 0,
              "has_padding": true,
              "has_flexible_envelope": false
            },
            "type_shape_v2": {
              "inline_size": 8,
              "alignment": 8,
              "depth": 0,
              "max_handles": 0,
              "max_out_of_line": 0,
              "has_padding": true,
              "has_flexible_envelope": false
            }
          },
          "maybe_response_type_shape_v1": {
            "inline_size": 24,
            "alignment": 8,
            "depth": 0,
            "max_handles": 0,
            "max_out_of_line": 0,
            "has_padding": true,
            "has_flexible_envelope": false
          },
          "maybe_response_type_shape_v2": {
            "inline_size": 24,
            "alignment": 8,
            "depth": 0,
            "max_handles": 0,
            "max_out_of_line": 0,
            "has_padding": true,
            "has_flexible_envelope": false
          },
          "is_composed": true,
          "has_error": false
        }
      ]
    }
  ],
  "service_declarations": [],
  "struct_declarations": [],
  "external_struct_declarations": [
    {
      "name": "middle/MiddleGetFooTopResponse",
      "naming_context": [
        "Middle",
        "GetFoo",
        "Response"
      ],
      "location": {
        "filename": "../../tools/fidl/fidlc/testdata/foreign_type_in_response_used_through_compose/middle.test.fidl",
        "line": 12,
        "column": 39,
        "length": 38
      },
      "is_request_or_response": true,
      "maybe_attributes": [
        {
          "name": "bindings_denylist",
          "arguments": [
            {
              "name": "value",
              "type": "string",
              "value": {
                "kind": "literal",
                "value": "cpp",
                "expression": "\"cpp\"",
                "literal": {
                  "kind": "string",
                  "value": "cpp",
                  "expression": "\"cpp\""
                }
              },
              "location": {
                "filename": "../../tools/fidl/fidlc/testdata/foreign_type_in_response_used_through_compose/middle.test.fidl",
                "line": 12,
                "column": 32,
                "length": 5
              }
            }
          ],
          "location": {
            "filename": "../../tools/fidl/fidlc/testdata/foreign_type_in_response_used_through_compose/middle.test.fidl",
            "line": 12,
            "column": 13,
            "length": 25
          }
        }
      ],
      "members": [
        {
          "type": {
            "kind": "identifier",
            "identifier": "bottom/Foo",
            "nullable": false,
            "type_shape_v1": {
              "inline_size": 4,
              "alignment": 4,
              "depth": 0,
              "max_handles": 0,
              "max_out_of_line": 0,
              "has_padding": false,
              "has_flexible_envelope": false
            },
            "type_shape_v2": {
              "inline_size": 4,
              "alignment": 4,
              "depth": 0,
              "max_handles": 0,
              "max_out_of_line": 0,
              "has_padding": false,
              "has_flexible_envelope": false
            }
          },
          "name": "foo",
          "location": {
            "filename": "../../tools/fidl/fidlc/testdata/foreign_type_in_response_used_through_compose/middle.test.fidl",
            "line": 13,
            "column": 9,
            "length": 3
          },
          "field_shape_v1": {
            "offset": 0,
            "padding": 4
          },
          "field_shape_v2": {
            "offset": 0,
            "padding": 4
          }
        }
      ],
      "resource": false,
      "type_shape_v1": {
        "inline_size": 8,
        "alignment": 8,
        "depth": 0,
        "max_handles": 0,
        "max_out_of_line": 0,
        "has_padding": true,
        "has_flexible_envelope": false
      },
      "type_shape_v2": {
        "inline_size": 8,
        "alignment": 8,
        "depth": 0,
        "max_handles": 0,
        "max_out_of_line": 0,
        "has_padding": true,
        "has_flexible_envelope": false
      }
    }
  ],
  "table_declarations": [],
  "union_declarations": [],
  "type_alias_declarations": [],
  "declaration_order": [
    "fidl.test.foreigntypeinresponseusedthroughcompose/Top"
  ],
  "declarations": {
    "fidl.test.foreigntypeinresponseusedthroughcompose/Top": "interface"
  }
}
