// WARNING: This file is machine generated by fidlgen.

#include <fidl/fidl.test.bitsconstants/cpp/driver/wire_messaging.h>

#include <memory>
