// WARNING: This file is machine generated by fidlgen.

#pragma once

#include <fidl/test.consts/cpp/markers.h>
#include <fidl/test.consts/cpp/wire_types.h>
#include <lib/fidl_driver/cpp/natural_messaging.h>

#ifdef __Fuchsia__

#endif  // __Fuchsia__
