// WARNING: This file is machine generated by fidlgen.

#pragma once

#include <fidl/test/emptystruct/llcpp/fidl.h>
namespace fidl_test_emptystruct {
namespace testing {

class EmptyProtocol_TestBase
    : public ::fidl::WireServer<::fidl_test_emptystruct::EmptyProtocol> {
 public:
  virtual ~EmptyProtocol_TestBase() {}
  virtual void NotImplemented_(const std::string& name,
                               ::fidl::CompleterBase& completer) = 0;
  virtual void Send(SendRequestView request,
                    SendCompleter::Sync& _completer) override {
    NotImplemented_("Send", _completer);
  }
  virtual void SendAndReceive(
      SendAndReceiveRequestView request,
      SendAndReceiveCompleter::Sync& _completer) override {
    NotImplemented_("SendAndReceive", _completer);
  }
};
}  // namespace testing
}  // namespace fidl_test_emptystruct
