// WARNING: This file is machine generated by fidlgen.

#pragma once

#include <fidl/test.foreigntypeinresponseusedthroughcompose/cpp/natural_types.h>
#include <lib/fidl/cpp/hlcpp_conversion.h>
#include <lib/fidl/llcpp/internal/transport_channel.h>
#include <test/foreigntypeinresponseusedthroughcompose/cpp/fidl.h>

namespace fidl {
namespace internal {

template <>
struct NaturalToHLCPPTraits<fidl::ClientEnd<::test_foreigntypeinresponseusedthroughcompose::Top>> {
  using HLCPPType = fidl::InterfaceHandle<::test::foreigntypeinresponseusedthroughcompose::Top>;
  static inline fidl::InterfaceHandle<::test::foreigntypeinresponseusedthroughcompose::Top> Convert(fidl::ClientEnd<::test_foreigntypeinresponseusedthroughcompose::Top>&& c) {
    return fidl::InterfaceHandle<::test::foreigntypeinresponseusedthroughcompose::Top>(c.TakeChannel());
  }
};

template <>
struct NaturalToHLCPPTraits<fidl::ServerEnd<::test_foreigntypeinresponseusedthroughcompose::Top>> {
  using HLCPPType = fidl::InterfaceRequest<::test::foreigntypeinresponseusedthroughcompose::Top>;
  static inline fidl::InterfaceRequest<::test::foreigntypeinresponseusedthroughcompose::Top> Convert(fidl::ServerEnd<::test_foreigntypeinresponseusedthroughcompose::Top>&& c) {
    return fidl::InterfaceRequest<::test::foreigntypeinresponseusedthroughcompose::Top>(c.TakeChannel());
  }
};

template <>
struct HLCPPToNaturalTraits<fidl::InterfaceHandle<::test::foreigntypeinresponseusedthroughcompose::Top>> {
  using NaturalType = fidl::ClientEnd<::test_foreigntypeinresponseusedthroughcompose::Top>;
  static inline fidl::ClientEnd<::test_foreigntypeinresponseusedthroughcompose::Top> Convert(fidl::InterfaceHandle<::test::foreigntypeinresponseusedthroughcompose::Top>&& c) {
    return fidl::ClientEnd<::test_foreigntypeinresponseusedthroughcompose::Top>(c.TakeChannel());
  }
};

template <>
struct HLCPPToNaturalTraits<fidl::InterfaceRequest<::test::foreigntypeinresponseusedthroughcompose::Top>> {
  using NaturalType = fidl::ServerEnd<::test_foreigntypeinresponseusedthroughcompose::Top>;
  static inline fidl::ServerEnd<::test_foreigntypeinresponseusedthroughcompose::Top> Convert(fidl::InterfaceRequest<::test::foreigntypeinresponseusedthroughcompose::Top>&& c) {
    return fidl::ServerEnd<::test_foreigntypeinresponseusedthroughcompose::Top>(c.TakeChannel());
  }
};

}  // namespace internal
}  // namespace fidl
