// WARNING: This file is machine generated by fidlgen.

#pragma once

#include <fidl/fdf/cpp/common_types.h>
#include <lib/fidl/llcpp/internal/display_error.h>
#include <lib/fidl/llcpp/traits.h>
#include <lib/stdcompat/optional.h>

#include <cinttypes>

namespace fidl {}  // namespace fidl
