// WARNING: This file is machine generated by fidlgen.

#include <fidl/test.importedconstvalues/cpp/type_conversions.h>

namespace fidl {
namespace internal {

::test_importedconstvalues::MyStruct
WireNaturalConversionTraits<::test_importedconstvalues::wire::MyStruct,
                            ::test_importedconstvalues::MyStruct>::
    ToNatural(::test_importedconstvalues::wire::MyStruct src) {
  return ::test_importedconstvalues::MyStruct(
      WireNaturalConversionTraits<uint8_t, uint8_t>::ToNatural(
          std::move(src.__reserved)));
}

#ifdef __Fuchsia__

#endif  // __Fuchsia__
}  // namespace internal
}  // namespace fidl
