// WARNING: This file is machine generated by fidlgen.

#pragma once

#include <fidl/fidl.test.padding/cpp/wire.h>
