// WARNING: This file is machine generated by fidlgen.

#pragma once

#include <fidl/exampleusing/cpp/driver/wire.h>
#include <fidl/fidl.test.placementofattributes/cpp/driver/wire_messaging.h>
#include <fidl/fidl.test.placementofattributes/cpp/markers.h>
#include <fidl/fidl.test.placementofattributes/cpp/wire_types.h>
