// WARNING: This file is machine generated by fidlgen.

#pragma once

#include <fidl/fidl.test.union/cpp/driver/wire_messaging.h>
#include <fidl/fidl.test.union/cpp/markers.h>
#include <fidl/fidl.test.union/cpp/wire_types.h>
