// WARNING: This file is machine generated by fidlgen.

#include <fidl/fidl.test.unionsandwich/cpp/driver_messaging.h>

#include <memory>
