#include <fidl/test.unknowninteractions/cpp/driver/natural_messaging.h>
